[backblue.gif]
[fade.gif]
[index.html]
[www.vzhurudolu.cz/64/web-20-vite-jak-skutecne-vypada.html]
[www.vzhurudolu.cz/63/nejvice-bozi-napad-na-cz-v-roce-2006.html]
[www.vzhurudolu.cz/61/95-znalosti-webdesignera-je-jen-opakovanim-starych-mouder.html]
[www.vzhurudolu.cz/59/doporucte-mi-knihu-o-apachephpmysql-pro-neprogramatora.html]
[www.vzhurudolu.cz/58/getting-real-bible-vyvoje-webovovych-aplikaci-je-ted-zdarma.html]
[www.vzhurudolu.cz/57/tyden-obedu-zdarma-a-kurz-xhtmlcss.html]
[www.vzhurudolu.cz/53/kniha-o-google-analytics.html]
[www.vzhurudolu.cz/52/vysoke-tatry-na-podzim.html]
[www.vzhurudolu.cz/49/jak-lepkava-je-vase-stranka.html]
[www.vzhurudolu.cz/47/3-efektni-triky-na-google-analytics.html]
[www.vzhurudolu.cz/45/pre-rss-ovano.html]
[www.vzhurudolu.cz/44/jak-nevstoupit-do-valky-s-klientem.html]
[www.vzhurudolu.cz/43/rychlejsi-a-presnejsi-analyza-logu-s-weblog-expert.html]
[www.vzhurudolu.cz/42/tip-pro-bosse-webovych-stranek.html]
[www.vzhurudolu.cz/41/czechcz-rozhodne-bez-ostudy-alespon-prozatim.html]
[www.vzhurudolu.cz/36/adwords-editor-dalsi-rychlokvaska-od-google.html]
[www.vzhurudolu.cz/33/mistri-sveta-v-seo-cesi.html]
[www.vzhurudolu.cz/32/datatransfer-2006-tentokrat-i-k-webu.html]
[www.vzhurudolu.cz/30/komercni-vyuziti-wiki-nesmysl.html]
[www.vzhurudolu.cz/29/zasyti-predkrm-od-clicktracks-gurmany-navykle-google-analytics.html]
[www.vzhurudolu.cz/28/vitamin-vyziva-pro-webdesignery-nebo-spotrebitele.html]
[www.vzhurudolu.cz/25/video-na-webu.html]
[www.vzhurudolu.cz/23/4-zpusoby-vyhledavani-informace.html]
[www.vzhurudolu.cz/20/filipika-proti-logotypum.html]
[www.vzhurudolu.cz/17/blogovani-vcera-dnes-a-zitra.html]
[www.vzhurudolu.cz/16/html-prototypy.html]
[www.vzhurudolu.cz/12/webova-analytika-co-je-to.html]
[www.vzhurudolu.cz/9/web-analytics-demystified-trosku-levneji.html]
[www.vzhurudolu.cz/4/vize-pro-rok-2006.html]
[www.vzhurudolu.cz/xhtml-css.html]
[www.vzhurudolu.cz/cubci-lektvar.36.delayed]
[www.vzhurudolu.cz/archiv.html]
[www.vzhurudolu.cz/css/compressed/screen.css]
[www.vzhurudolu.cz/css/compressed/print.css]
[www.vzhurudolu.cz/images/novybg.png]
[www.vzhurudolu.cz/images/3.png]
[www.vzhurudolu.cz/css/vd.css]
[www.vzhurudolu.cz/85/preladte-prosim.html]
[farm4.static.flickr.com/3006/2967115181_c577e3a83c.jpg]
[www.vzhurudolu.cz/84/radost-jmenem-font-face.html]
[farm2.static.flickr.com/1291/1115320589_27bc142c81.jpg]
[www.vzhurudolu.cz/83/blueprint-css-5-kroku-k-ulehceni-koderske-prace.html]
[www.vzhurudolu.cz/images/css-bread.jpg]
[www.vzhurudolu.cz/82/proc-i-koderi-potrebuji-svuj-framework.html]
[www.vzhurudolu.cz/images/23.jpg]
[www.vzhurudolu.cz/images/23t.jpg]
[www.vzhurudolu.cz/81/redesign-homepage-bbc-davum-k-sluzbam.html]
[www.vzhurudolu.cz/80/z-dobreho-kodera-spatnym-projektovym-vedoucim.html]
[www.vzhurudolu.cz/images/22.png]
[www.vzhurudolu.cz/79/kartickove-trideni-bez-karticek.html]
[www.vzhurudolu.cz/images/21.png]
[www.vzhurudolu.cz/images/20.png]
[www.vzhurudolu.cz/images/20t.jpg]
[www.vzhurudolu.cz/78/madatidal-par-zakulisnich-informaci.html]
[www.vzhurudolu.cz/images/19.png]
[www.vzhurudolu.cz/77/pojdte-s-nami-otestovat-web20-aplikaci-madatidal.html]
[www.vzhurudolu.cz/76/jak-zacit-podnikat-na-webu-kdyz-jste-mladi-progresivni-a-chudi.html]
[www.vzhurudolu.cz/images/18.png]
[www.drupal.cz/files/create-page.jpg]
[www.vzhurudolu.cz/74/drupal-redakcni-system-pro-geeky.html]
[www.vzhurudolu.cz/73/web-20-aplikace-u-psychologa.html]
[www.vzhurudolu.cz/images/17.jpg]
[www.vzhurudolu.cz/72/ruby-on-rails-pochybnosti-opatrneho-vedouciho-projektu.html]
[www.vzhurudolu.cz/images/16.png]
[www.vzhurudolu.cz/71/webby-awards-2007-funkcni-design-a-navigace.html]
[www.vzhurudolu.cz/70/nabidka-prace-zajima-vas-web-20-a-umite-programovat.html]
[www.vzhurudolu.cz/69/firemni-web-od-h1cz-na-zaver-lehce-skobrta.html]
[www.vzhurudolu.cz/68/stat-by-mohl-vice-podporovat-zamestnavani-studentu.html]
[www.vzhurudolu.cz/67/ebanka-a-ucetnictvi-money-setrte-cas.html]
[www.vzhurudolu.cz/60/co-je-design-moje-oblibene-citaty.html]
[www.vzhurudolu.cz/www.rubyonrails.48.delayed]
[www.vzhurudolu.cz/65/anketa-cesky-webdesign-2006-2007.html]
[www.vzhurudolu.cz/64/web-20-vite-jak-skutecne-vypada.html]
[www.vzhurudolu.cz/images/15.jpg]
[www.vzhurudolu.cz/63/nejvice-bozi-napad-na-cz-v-roce-2006.html]
[www.vzhurudolu.cz/images/13.jpg]
[www.vzhurudolu.cz/61/95-znalosti-webdesignera-je-jen-opakovanim-starych-mouder.html]
[www.vzhurudolu.cz/59/doporucte-mi-knihu-o-apachephpmysql-pro-neprogramatora.html]
[www.vzhurudolu.cz/58/getting-real-bible-vyvoje-webovovych-aplikaci-je-ted-zdarma.html]
[www.vzhurudolu.cz/57/tyden-obedu-zdarma-a-kurz-xhtmlcss.html]
[www.vzhurudolu.cz/53/kniha-o-google-analytics.html]
[www.vzhurudolu.cz/images/12.jpg]
[www.vzhurudolu.cz/52/vysoke-tatry-na-podzim.html]
[www.vzhurudolu.cz/images/11.png]
[www.vzhurudolu.cz/49/jak-lepkava-je-vase-stranka.html]
[www.vzhurudolu.cz/47/3-efektni-triky-na-google-analytics.html]
[www.vzhurudolu.cz/45/pre-rss-ovano.html]
[www.vzhurudolu.cz/images/satan.jpg]
[www.vzhurudolu.cz/44/jak-nevstoupit-do-valky-s-klientem.html]
[www.vzhurudolu.cz/images/weblog-expert.gif]
[www.vzhurudolu.cz/download/Spiders.cfg]
[www.vzhurudolu.cz/43/rychlejsi-a-presnejsi-analyza-logu-s-weblog-expert.html]
[www.vzhurudolu.cz/42/tip-pro-bosse-webovych-stranek.html]
[www.vzhurudolu.cz/images/10.gif]
[www.vzhurudolu.cz/41/czechcz-rozhodne-bez-ostudy-alespon-prozatim.html]
[www.vzhurudolu.cz/36/adwords-editor-dalsi-rychlokvaska-od-google.html]
[www.vzhurudolu.cz/images/9.jpg]
[www.vzhurudolu.cz/33/mistri-sveta-v-seo-cesi.html]
[www.vzhurudolu.cz/32/datatransfer-2006-tentokrat-i-k-webu.html]
[www.vzhurudolu.cz/30/komercni-vyuziti-wiki-nesmysl.html]
[www.vzhurudolu.cz/images/7.gif]
[www.vzhurudolu.cz/images/8.gif]
[www.vzhurudolu.cz/29/zasyti-predkrm-od-clicktracks-gurmany-navykle-google-analytics.html]
[www.vzhurudolu.cz/28/vitamin-vyziva-pro-webdesignery-nebo-spotrebitele.html]
[www.vzhurudolu.cz/25/video-na-webu.html]
[www.vzhurudolu.cz/images/6.jpg]
[www.vzhurudolu.cz/23/4-zpusoby-vyhledavani-informace.html]
[www.vzhurudolu.cz/images/5.gif]
[www.vzhurudolu.cz/20/filipika-proti-logotypum.html]
[www.vzhurudolu.cz/images/4.jpg]
[www.vzhurudolu.cz/17/blogovani-vcera-dnes-a-zitra.html]
[www.vzhurudolu.cz/images/2.png]
[www.vzhurudolu.cz/16/html-prototypy.html]
[www.vzhurudolu.cz/index9ef6.php]
[www.vzhurudolu.cz/12/webova-analytika-co-je-to.html]
[www.vzhurudolu.cz/9/web-analytics-demystified-trosku-levneji.html]
[www.vzhurudolu.cz/4/vize-pro-rok-2006.html]
[www.vzhurudolu.cz/favicon.ico]
[www.vzhurudolu.cz/50/xhtml.html]
[www.vzhurudolu.cz/51/css-cast-2.html]
[www.vzhurudolu.cz/54/formatovani-vzhledu-stranky-pomoci-css-vyssi-divci.html]
[www.vzhurudolu.cz/55/css-tipy-a-triky-cast-1.html]
[www.vzhurudolu.cz/56/xhtml-a-css-v-praxi-moderni-webdesign-cast-5.html]
[www.vzhurudolu.cz/xhtml-css.html]
[www.vzhurudolu.cz/cubci-lektvar/index.html]
[www.vzhurudolu.cz/62/cubci-lektvar-mirne-preletavy-jazz-70-let.html]
[www.vzhurudolu.cz/cubci-lektvar/index.html]
[www.vzhurudolu.cz/images/novybg.png]
[www.vzhurudolu.cz/images/novybg.png]
[www.vzhurudolu.cz/css/plugins/css-classes/css-classes.css]
[www.vzhurudolu.cz/kategorie/Webdesign/index.html]
[www.vzhurudolu.cz/kategorie/Webdesign/index.html]
[www.vzhurudolu.cz/index156a.html]
[www.vzhurudolu.cz/index.html]
[www.vzhurudolu.cz/index.html]
[www.vzhurudolu.cz/index6a0e.html]
[www.vzhurudolu.cz/index26b7.html]
[www.vzhurudolu.cz/index657f.html]
[www.vzhurudolu.cz/kategorie/Mimo/index.html]
[www.vzhurudolu.cz/kategorie/Mimo/index.html]
[www.vzhurudolu.cz/index917b.html]
[www.vzhurudolu.cz/index4707.html]
[www.vzhurudolu.cz/index6e2c.html]
[www.vzhurudolu.cz/index1194.html]
[www.vzhurudolu.cz/indexe7b7.html]
[www.vzhurudolu.cz/indexe50f.html]
[www.vzhurudolu.cz/index2cf3.html]
[www.vzhurudolu.cz/index2c5a.html]
[www.vzhurudolu.cz/indexd8c6.html]
[www.vzhurudolu.cz/indexf67c.html]
[www.vzhurudolu.cz/index40e7.html]
[www.vzhurudolu.cz/index019b.html]
[www.vzhurudolu.cz/index8567.html]
[www.vzhurudolu.cz/index04f2.html]
[www.vzhurudolu.cz/index2d3c.html]
[www.vzhurudolu.cz/www.rubyonrails.html]
[www.vzhurudolu.cz/indexe3b8.html]
[www.vzhurudolu.cz/index98b9.html]
[www.vzhurudolu.cz/indexe7d9.html]
[www.vzhurudolu.cz/index54af.html]
[www.vzhurudolu.cz/index529e.html]
[www.vzhurudolu.cz/indexb17f.html]
[www.vzhurudolu.cz/kategorie/Webova-analytika/index.html]
[www.vzhurudolu.cz/kategorie/Webova-analytika/index.html]
[www.vzhurudolu.cz/index32d8.html]
[www.vzhurudolu.cz/kategorie/Cestovani/index.html]
[www.vzhurudolu.cz/kategorie/Cestovani/index.html]
[www.vzhurudolu.cz/index152d.html]
[www.vzhurudolu.cz/index439e.html]
[www.vzhurudolu.cz/index9749.html]
[www.vzhurudolu.cz/indexfcbd.html]
[www.vzhurudolu.cz/indexc811.html]
[www.vzhurudolu.cz/index8ee0.html]
[www.vzhurudolu.cz/index1caf.html]
[www.vzhurudolu.cz/indexce4c.html]
[www.vzhurudolu.cz/kategorie/PPC-a-AdWords/index.html]
[www.vzhurudolu.cz/kategorie/PPC-a-AdWords/index.html]
[www.vzhurudolu.cz/index3580.html]
[www.vzhurudolu.cz/index08d0.html]
[www.vzhurudolu.cz/index9971.html]
[www.vzhurudolu.cz/index8bef.html]
[www.vzhurudolu.cz/indexf351.html]
[www.vzhurudolu.cz/index87b6.html]
[www.vzhurudolu.cz/indexb9c7.html]
[www.vzhurudolu.cz/index63b8.html]
[www.vzhurudolu.cz/indexe0bc.html]
[www.vzhurudolu.cz/textpattern/css8720.css]
[www.vzhurudolu.cz/file_download/5html.html]
[www.vzhurudolu.cz/50/xhtml.html]
[www.vzhurudolu.cz/files/xhtml-sablona.txt]
[www.vzhurudolu.cz/file_download/7html.html]
[www.vzhurudolu.cz/51/css-cast-2.html]
[www.vzhurudolu.cz/files/xhtml-soubory.zip]
[www.vzhurudolu.cz/files/xhtml-css-test.zip]
[www.vzhurudolu.cz/54/formatovani-vzhledu-stranky-pomoci-css-vyssi-divci.html]
[www.vzhurudolu.cz/55/css-tipy-a-triky-cast-1.html]
[www.vzhurudolu.cz/56/xhtml-a-css-v-praxi-moderni-webdesign-cast-5.html]
[www.vzhurudolu.cz/images/14.jpg]
[www.vzhurudolu.cz/62/cubci-lektvar-mirne-preletavy-jazz-70-let.html]
[www.vzhurudolu.cz/textpattern/css1c0f.css]
[www.vzhurudolu.cz/indexd377.html]
