[www.vzhurudolu.cz/archiv.html]
[backblue.gif]
[fade.gif]
[index.html]
[www.vzhurudolu.cz/85/preladte-prosim.html]
[www.vzhurudolu.cz/84/radost-jmenem-font-face.html]
[www.vzhurudolu.cz/83/blueprint-css-5-kroku-k-ulehceni-koderske-prace.html]
[www.vzhurudolu.cz/82/proc-i-koderi-potrebuji-svuj-framework.html]
[www.vzhurudolu.cz/81/redesign-homepage-bbc-davum-k-sluzbam.html]
[www.vzhurudolu.cz/80/z-dobreho-kodera-spatnym-projektovym-vedoucim.html]
[www.vzhurudolu.cz/79/kartickove-trideni-bez-karticek.html]
[www.vzhurudolu.cz/78/madatidal-par-zakulisnich-informaci.html]
[www.vzhurudolu.cz/77/pojdte-s-nami-otestovat-web20-aplikaci-madatidal.html]
[www.vzhurudolu.cz/76/jak-zacit-podnikat-na-webu-kdyz-jste-mladi-progresivni-a-chudi.html]
[www.vzhurudolu.cz/74/drupal-redakcni-system-pro-geeky.html]
[www.vzhurudolu.cz/73/web-20-aplikace-u-psychologa.html]
[www.vzhurudolu.cz/72/ruby-on-rails-pochybnosti-opatrneho-vedouciho-projektu.html]
[www.vzhurudolu.cz/71/webby-awards-2007-funkcni-design-a-navigace.html]
[www.vzhurudolu.cz/70/nabidka-prace-zajima-vas-web-20-a-umite-programovat.html]
[www.vzhurudolu.cz/69/firemni-web-od-h1cz-na-zaver-lehce-skobrta.html]
[www.vzhurudolu.cz/68/stat-by-mohl-vice-podporovat-zamestnavani-studentu.html]
[www.vzhurudolu.cz/67/ebanka-a-ucetnictvi-money-setrte-cas.html]
[www.vzhurudolu.cz/60/co-je-design-moje-oblibene-citaty.html]
[www.vzhurudolu.cz/65/anketa-cesky-webdesign-2006-2007.html]
[www.vzhurudolu.cz/archiv.html]
[www.vzhurudolu.cz/css/compressed/screen.css]
[www.vzhurudolu.cz/css/compressed/print.css]
[www.vzhurudolu.cz/css/vd.css]
[www.vzhurudolu.cz/85/preladte-prosim.html]
[www.vzhurudolu.cz/84/radost-jmenem-font-face.html]
[www.vzhurudolu.cz/83/blueprint-css-5-kroku-k-ulehceni-koderske-prace.html]
[www.vzhurudolu.cz/82/proc-i-koderi-potrebuji-svuj-framework.html]
[www.vzhurudolu.cz/81/redesign-homepage-bbc-davum-k-sluzbam.html]
[www.vzhurudolu.cz/80/z-dobreho-kodera-spatnym-projektovym-vedoucim.html]
[www.vzhurudolu.cz/79/kartickove-trideni-bez-karticek.html]
[www.vzhurudolu.cz/78/madatidal-par-zakulisnich-informaci.html]
[www.vzhurudolu.cz/77/pojdte-s-nami-otestovat-web20-aplikaci-madatidal.html]
[www.vzhurudolu.cz/76/jak-zacit-podnikat-na-webu-kdyz-jste-mladi-progresivni-a-chudi.html]
[www.vzhurudolu.cz/74/drupal-redakcni-system-pro-geeky.html]
[www.vzhurudolu.cz/73/web-20-aplikace-u-psychologa.html]
[www.vzhurudolu.cz/72/ruby-on-rails-pochybnosti-opatrneho-vedouciho-projektu.html]
[www.vzhurudolu.cz/71/webby-awards-2007-funkcni-design-a-navigace.html]
[www.vzhurudolu.cz/70/nabidka-prace-zajima-vas-web-20-a-umite-programovat.html]
[www.vzhurudolu.cz/69/firemni-web-od-h1cz-na-zaver-lehce-skobrta.html]
[www.vzhurudolu.cz/68/stat-by-mohl-vice-podporovat-zamestnavani-studentu.html]
[www.vzhurudolu.cz/67/ebanka-a-ucetnictvi-money-setrte-cas.html]
[www.vzhurudolu.cz/60/co-je-design-moje-oblibene-citaty.html]
[www.vzhurudolu.cz/65/anketa-cesky-webdesign-2006-2007.html]
